<?xml version="1.0" encoding="UTF-8"?>
<testsuites name="jest tests" tests="1" failures="0" errors="0" time="0.462">
  <testsuite name="undefined" errors="0" failures="0" skipped="0" timestamp="2026-01-27T08:23:45" time="0.324" tests="1">
    <testcase classname=" Sample test" name=" Sample test" time="0.004">
    </testcase>
  </testsuite>
</testsuites>